
t1.exe:	file format elf64-littleaarch64
Contents of section .text:
 2004e4 e0ffbfd2 e0ffbf92                    ........
