
t1.exe:	file format elf64-littleaarch64
Contents of section .text:
 20050c e0ffbfd2                             ....
