
t1.exe:	file format elf64-littleaarch64
Contents of section .text:
 2004e4 e0ff9fd2 e0ff9f92                    ........
