
t1.exe:	file format elf64-littleaarch64
Contents of section .text:
 2004e4 a4e844bd 666f6f00                    ..D.foo.
