
t1.exe:	file format elf64-littleaarch64
Contents of section .data:
 2106c0 7fffffff 00000080 38fadeff           ........8...
