
t1.exe:	file format elf64-littleaarch64
Contents of section .text:
 20050c 8f000090 c0035fd6                    ......_.
