
t3.exe:	file format elf64-littleaarch64
Contents of section .data:
 2106c0 24010000 00000000                    $.......
