
t1.exe:	file format elf64-littleaarch64
Contents of section .text:
 2004e4 7c7742f9 666f6f00                    |wB.foo.
